[]
[
  43,
  7980.0,
  -5.12e-27,
  4.12381823858512,
  "\"]",
  {
    "fred" : [
      5,
      6
      ]
    }
  ]
