1:1 ARRAY 0
2:1 ARRAY 6
  2:2 INTEGER 43
  2:5 SCALAR 7980
  2:13 SCALAR -5.12e-027
  2:23 SCALAR 4.12382
  2:40 STRING 2 '"]'
  2:46 OBJECT 1
    2:47 STRING 4 'fred'
      2:54 ARRAY 2
        2:55 INTEGER 5
        2:57 INTEGER 6
