Caught exception: malformed JSON (line 2, column 1): unterminated string
