1:1 INTEGER 5
2:1 INTEGER -321
3:1 INTEGER 98
4:1 INTEGER 0
5:1 INTEGER 2147483647
6:1 INTEGER -2147483648
