{
  "field" : [
    14,
    56,
    12
    ],
  "bar" : [
    31
    ]
  }
