1:1 OBJECT 2
  1:3 STRING 5 'field'
    1:12 ARRAY 3
      1:13 INTEGER 14
      1:16 INTEGER 56
      1:22 INTEGER 12
  1:27 STRING 3 'bar'
    1:34 ARRAY 1
      1:37 INTEGER 31
