6.4839
3.14159265
-4.567
-0.0
0.0
0.045
7.99e+030
1000000000.0
-0.004
