1:1 SCALAR 6.4839
2:1 SCALAR 3.14159
3:1 SCALAR -4.567
4:1 SCALAR -0
5:1 SCALAR 0
6:1 SCALAR 0.045
7:1 SCALAR 7.99e+30
8:1 SCALAR 1e+09
9:1 SCALAR -0.004
